2026-05-22 19:53:52,903 - INFO - 获取全部日志
2026-05-22 19:53:56,887 - INFO - 获取全部日志
2026-05-22 19:55:10,440 - INFO - 新增日志: study
2026-05-22 19:55:13,096 - INFO - 新增日志: study
2026-05-22 19:55:56,236 - INFO - 新增日志: study
2026-05-22 19:55:57,156 - INFO - 新增日志: study
2026-05-22 19:55:57,903 - INFO - 新增日志: study
2026-05-22 19:56:06,457 - INFO - 获取全部日志
2026-05-22 19:56:11,723 - INFO - 获取全部日志
2026-05-22 19:56:12,287 - INFO - 获取全部日志
2026-05-22 19:56:12,480 - INFO - 获取全部日志
2026-05-22 19:56:12,622 - INFO - 获取全部日志
2026-05-22 19:56:13,610 - INFO - 获取全部日志
2026-06-06 20:58:00,421 - INFO - 新增日志: string
2026-06-06 21:04:20,973 - INFO - 新增日志: FastAPI学习
2026-06-06 21:05:32,161 - INFO - 新增日志: FastAPI学习
2026-06-06 21:05:33,430 - INFO - 新增日志: FastAPI学习
2026-06-06 21:06:12,813 - INFO - 新增日志: FastAPI学习
2026-06-06 21:10:24,268 - INFO - 新增日志: 测试
2026-06-11 20:13:19,569 - INFO - 新增日志: study
2026-06-11 20:13:29,301 - INFO - 新增日志: study
